// Jest Snapshot v1, https://goo.gl/fbAQLP

exports[`undefined works 1`] = `
[
  [
    "[[34mDEBUG[39m] test",
  ],
  [
    {
      "code": 1,
      "name": "test",
    },
  ],
  [
    "[[32mINFO[39m] test it",
  ],
  [
    "[[33mWARN[39m] test it",
  ],
  [
    "[[31mERROR[39m] test",
  ],
]
`;
