// Jest Snapshot v1, https://goo.gl/fbAQLP

exports[`undefined works 1`] = `
[
  [
    "url",
    {
      "required": true,
    },
  ],
  [
    "saveErrors",
  ],
  [
    "saveOutlinks",
  ],
  [
    "saveScreenshot",
  ],
]
`;

exports[`undefined works 2`] = `
Input {
  "saveErrors": true,
  "saveOutlinks": false,
  "saveScreenshot": true,
  "url": "example.com",
}
`;
